#-----------------------------------------------------------
# Vivado v2025.1 (64-bit)
# SW Build 6140274 on Thu May 22 00:12:29 MDT 2025
# IP Build 6138677 on Thu May 22 03:10:11 MDT 2025
# SharedData Build 6139179 on Tue May 20 17:58:58 MDT 2025
# Start of session at: Sat Dec 27 19:19:39 2025
# Process ID         : 21820
# Current directory  : C:/Users/shrey/UART Transmission-Recieving/IART Transmission-Recieving.runs/impl_1
# Command line       : vivado.exe -log Top_UART_Module.vdi -applog -product Vivado -messageDb vivado.pb -mode batch -source Top_UART_Module.tcl -notrace
# Log file           : C:/Users/shrey/UART Transmission-Recieving/IART Transmission-Recieving.runs/impl_1/Top_UART_Module.vdi
# Journal file       : C:/Users/shrey/UART Transmission-Recieving/IART Transmission-Recieving.runs/impl_1\vivado.jou
# Running On         : Shreyadas
# Platform           : Windows Server 2016 or Windows 10
# Operating System   : 26200
# Processor Detail   : 13th Gen Intel(R) Core(TM) i5-13420H
# CPU Frequency      : 2611 MHz
# CPU Physical cores : 8
# CPU Logical cores  : 12
# Host memory        : 16791 MB
# Swap memory        : 2161 MB
# Total Virtual      : 18952 MB
# Available Virtual  : 2654 MB
#-----------------------------------------------------------
source Top_UART_Module.tcl -notrace
